To honour the JVM settings for this build a single-use Daemon process will be forked. For more on this, please refer to https://docs.gradle.org/8.10.2/userguide/gradle_daemon.html#sec:disabling_the_daemon in the Gradle documentation.
Daemon will be stopped at the end of the build 

> Configure project :
Java: 17.0.17, JVM: 17.0.17+10 (Eclipse Adoptium), Arch: amd64

> Task :createMinecraftArtifacts UP-TO-DATE
> Task :compileJava
> Task :processResources UP-TO-DATE
> Task :classes
> Task :jarJar NO-SOURCE
> Task :jar
> Task :assemble
> Task :compileTestJava NO-SOURCE
> Task :processTestResources NO-SOURCE
> Task :testClasses UP-TO-DATE
> Task :test NO-SOURCE
> Task :check UP-TO-DATE
> Task :build

BUILD SUCCESSFUL in 13s
4 actionable tasks: 2 executed, 2 up-to-date
